[debug] [2026-07-30T06:15:40.911Z] ----------------------------------------------------------------------
[debug] [2026-07-30T06:15:40.914Z] Command:       /opt/homebrew/Cellar/node/25.2.1/bin/node /Users/aniket/.npm/_npx/ba4f1959e38407b5/node_modules/.bin/firebase deploy --only firestore:rules --project concept-crack
[debug] [2026-07-30T06:15:40.914Z] CLI Version:   15.25.0
[debug] [2026-07-30T06:15:40.914Z] Platform:      darwin
[debug] [2026-07-30T06:15:40.914Z] Node Version:  v25.2.1
[debug] [2026-07-30T06:15:40.914Z] Detected Agent: codex_cli
[debug] [2026-07-30T06:15:40.914Z] Time:          Thu Jul 30 2026 11:45:40 GMT+0530 (India Standard Time)
[debug] [2026-07-30T06:15:40.915Z] ----------------------------------------------------------------------
[debug] 
[debug] [2026-07-30T06:15:40.931Z] >>> [apiv2][query] GET https://firebase-public.firebaseio.com/cli.json [none]
[debug] [2026-07-30T06:15:42.288Z] > command requires scopes: ["email","openid","https://www.googleapis.com/auth/cloudplatformprojects.readonly","https://www.googleapis.com/auth/firebase","https://www.googleapis.com/auth/cloud-platform"]
[debug] [2026-07-30T06:15:42.396Z] Error: Could not load the default credentials. Browse to https://cloud.google.com/docs/authentication/getting-started for more information.
    at GoogleAuth.getApplicationDefaultAsync (/Users/aniket/.npm/_npx/ba4f1959e38407b5/node_modules/google-auth-library/build/src/auth/googleauth.js:287:15)
    at process.processTicksAndRejections (node:internal/process/task_queues:103:5)
    at async GoogleAuth._GoogleAuth_determineClient (/Users/aniket/.npm/_npx/ba4f1959e38407b5/node_modules/google-auth-library/build/src/auth/googleauth.js:834:32)
    at async GoogleAuth.getClient (/Users/aniket/.npm/_npx/ba4f1959e38407b5/node_modules/google-auth-library/build/src/auth/googleauth.js:698:20)
    at async GoogleAuth.getAccessToken (/Users/aniket/.npm/_npx/ba4f1959e38407b5/node_modules/google-auth-library/build/src/auth/googleauth.js:722:24)
    at async autoAuth (/Users/aniket/.npm/_npx/ba4f1959e38407b5/node_modules/firebase-tools/lib/requireAuth.js:38:19)
    at async requireAuth (/Users/aniket/.npm/_npx/ba4f1959e38407b5/node_modules/firebase-tools/lib/requireAuth.js:100:20)
    at async requirePermissions (/Users/aniket/.npm/_npx/ba4f1959e38407b5/node_modules/firebase-tools/lib/requirePermissions.js:17:5)
    at async /Users/aniket/.npm/_npx/ba4f1959e38407b5/node_modules/firebase-tools/lib/command.js:275:17
[error] 
[error] Error: Failed to authenticate, have you run firebase login?
